// Jest Snapshot v1, https://goo.gl/fbAQLP

exports[`codegen The interpolation 1`] = `
"const { toDisplayString: _toDisplayString } =  Vue
renturn function render(_ctx, _cache){return _toDisplayString(_ctx.message)}"
`;

exports[`codegen string 1`] = `
"
renturn function render(_ctx, _cache){return 'hi'}"
`;
